// Jest Snapshot v1, https://goo.gl/fbAQLP

exports[`should render expense list with empty message 1`] = `
<div>
  <p>
    No Expenses
  </p>
</div>
`;

exports[`should render expense list with expenses 1`] = `
<div>
  <ListItem
    amount={1950}
    createdAt={0}
    description="gum"
    id="1"
    key="1"
    note=""
  />
  <ListItem
    amount={19500}
    createdAt={-345600000}
    description="Rent"
    id="2"
    key="2"
    note=""
  />
  <ListItem
    amount={4500}
    createdAt={345600000}
    description="Credit Card"
    id="3"
    key="3"
    note=""
  />
</div>
`;
