// Jest Snapshot v1, https://goo.gl/fbAQLP

exports[`Should render list item 1`] = `
<div>
  <Link
    replace={false}
    to="/edit/1"
  >
    <h3>
      gum
    </h3>
  </Link>
  <p>
    1950
     - 
    0
  </p>
</div>
`;
