// Jest Snapshot v1, https://goo.gl/fbAQLP

exports[`should render not found page 1`] = `
<div>
  Error 404 Page Not Found 
  <Link
    replace={false}
    to="/"
  >
    Home
  </Link>
</div>
`;
